The following values were not passed to `accelerate launch` and had defaults used instead:
		More than one GPU was found, enabling multi-GPU training.
		If this was unintended please pass in `--num_processes=1`.
	`--num_machines` was set to a value of `1`
	`--mixed_precision` was set to a value of `'no'`
	`--dynamo_backend` was set to a value of `'no'`
To avoid this warning pass in values for each of the problematic parameters or run `accelerate config`.
Traceback (most recent call last):
  File "/public/home/wangar2023/VCC_Project/src/aivc_model/train.py", line 35, in <module>
    from aivc_model.prepare import (
ImportError: cannot import name 'with_cached_scvi_teacher_latents' from 'aivc_model.prepare' (/public/home/wangar2023/VCC_Project/.venv/lib/python3.11/site-packages/aivc_model/prepare.py)
Traceback (most recent call last):
  File "/public/home/wangar2023/VCC_Project/src/aivc_model/train.py", line 35, in <module>
    from aivc_model.prepare import (
ImportError: cannot import name 'with_cached_scvi_teacher_latents' from 'aivc_model.prepare' (/public/home/wangar2023/VCC_Project/.venv/lib/python3.11/site-packages/aivc_model/prepare.py)
Traceback (most recent call last):
  File "/public/home/wangar2023/VCC_Project/src/aivc_model/train.py", line 35, in <module>
    from aivc_model.prepare import (
ImportError: cannot import name 'with_cached_scvi_teacher_latents' from 'aivc_model.prepare' (/public/home/wangar2023/VCC_Project/.venv/lib/python3.11/site-packages/aivc_model/prepare.py)
Traceback (most recent call last):
  File "/public/home/wangar2023/VCC_Project/src/aivc_model/train.py", line 35, in <module>
    from aivc_model.prepare import (
ImportError: cannot import name 'with_cached_scvi_teacher_latents' from 'aivc_model.prepare' (/public/home/wangar2023/VCC_Project/.venv/lib/python3.11/site-packages/aivc_model/prepare.py)
E0609 16:21:43.447000 139782 .venv/lib/python3.11/site-packages/torch/distributed/elastic/multiprocessing/api.py:869] failed (exitcode: 1) local_rank: 0 (pid: 140185) of binary: /public/home/wangar2023/VCC_Project/.venv/bin/python
Traceback (most recent call last):
  File "/public/home/wangar2023/VCC_Project/.venv/bin/accelerate", line 10, in <module>
    sys.exit(main())
             ^^^^^^
  File "/public/home/wangar2023/VCC_Project/.venv/lib/python3.11/site-packages/accelerate/commands/accelerate_cli.py", line 50, in main
    args.func(args)
  File "/public/home/wangar2023/VCC_Project/.venv/lib/python3.11/site-packages/accelerate/commands/launch.py", line 1396, in launch_command
    multi_gpu_launcher(args)
  File "/public/home/wangar2023/VCC_Project/.venv/lib/python3.11/site-packages/accelerate/commands/launch.py", line 1023, in multi_gpu_launcher
    distrib_run.run(args)
  File "/public/home/wangar2023/VCC_Project/.venv/lib/python3.11/site-packages/torch/distributed/run.py", line 909, in run
    elastic_launch(
  File "/public/home/wangar2023/VCC_Project/.venv/lib/python3.11/site-packages/torch/distributed/launcher/api.py", line 138, in __call__
    return launch_agent(self._config, self._entrypoint, list(args))
           ^^^^^^^^^^^^^^^^^^^^^^^^^^^^^^^^^^^^^^^^^^^^^^^^^^^^^^^^
  File "/public/home/wangar2023/VCC_Project/.venv/lib/python3.11/site-packages/torch/distributed/launcher/api.py", line 269, in launch_agent
    raise ChildFailedError(
torch.distributed.elastic.multiprocessing.errors.ChildFailedError: 
============================================================
src/aivc_model/train.py FAILED
------------------------------------------------------------
Failures:
[1]:
  time      : 2026-06-09_16:21:43
  host      : hexm01
  rank      : 1 (local_rank: 1)
  exitcode  : 1 (pid: 140186)
  error_file: <N/A>
  traceback : To enable traceback see: https://pytorch.org/docs/stable/elastic/errors.html
[2]:
  time      : 2026-06-09_16:21:43
  host      : hexm01
  rank      : 2 (local_rank: 2)
  exitcode  : 1 (pid: 140187)
  error_file: <N/A>
  traceback : To enable traceback see: https://pytorch.org/docs/stable/elastic/errors.html
[3]:
  time      : 2026-06-09_16:21:43
  host      : hexm01
  rank      : 3 (local_rank: 3)
  exitcode  : 1 (pid: 140188)
  error_file: <N/A>
  traceback : To enable traceback see: https://pytorch.org/docs/stable/elastic/errors.html
------------------------------------------------------------
Root Cause (first observed failure):
[0]:
  time      : 2026-06-09_16:21:43
  host      : hexm01
  rank      : 0 (local_rank: 0)
  exitcode  : 1 (pid: 140185)
  error_file: <N/A>
  traceback : To enable traceback see: https://pytorch.org/docs/stable/elastic/errors.html
============================================================
srun: error: hexm01: task 0: Exited with exit code 1
srun: Terminating job step 923479.0
